// Jest Snapshot v1, https://goo.gl/fbAQLP

exports[`hyphenateWord Should match snapshot of test-de-1000.csv 1`] = `
Object {
  "error": 0.04012036108324975,
  "words": Array [
    "woy|zeck",
    "fäd|chen",
    "her|auf|las|sen",
    "zu|kle|ben",
    "wohl|ge|setzt",
    "bier|braue|rin",
    "afi|cio|na|da",
    "seer|su|cker",
    "kon|zes|sio|nie|ren",
    "ent|schwe|fe|lung",
    "schreib|tisch|lam|pe",
    "buch|sta|ben|rät|sel",
    "ka|jak|zwei|er",
    "chal|len|ger",
    "ge|sprächs|ba|sis",
    "her|vor|ho|len",
    "be|gna|di|gung",
    "pa|ra|de|pferd",
    "ke|gel|sport",
    "in|kor|po|ra|ti|on",
    "reis|ku|chen",
    "heiz|plat|te",
    "fe|lu|ke",
    "kon|junk|ti|on",
    "wi|der|spie|ge|lung",
    "leis|tungs|wett|be|werb",
    "re|gie|rungs|form",
    "cal|l-|by|-|cal|l-|an|bie|ter",
    "do|zie|ren",
    "mär|chen|land",
    "so|l|en|ni|tät",
    "di|del|d|umdei!",
    "moor|brand",
    "ju|we|lier",
    "ad|äquat|heit",
    "vor|le|se|pult",
    "strea|ming",
    "ei|chen|klotz",
    "di|ät|kü|che",
    "ge|nau|ig|keit",
    "skor|bu|tisch",
    "fo|to|me|cha|nisch",
    "not|la|ge",
    "ge|fähr|den",
    "sauf|kum|pan",
    "ma|ro|cain",
    "boi|zen|burg",
    "kur|fürs|tin",
    "na|tan",
    "lar|ghet|to",
    "schleichtem|po",
    "ra|sen|de|cke",
    "base|ball|kap|pe",
    "ein|läss|lich",
    "ein|be|schlie|ßen",
    "le|se|bot|schaf|ter",
    "ab|di|zie|ren",
    "zu|schlag|pflich|tig",
    "au|gen|schein",
    "en|ti|tät",
    "kon|s|trin|gie|ren",
    "maus|er|pis|to|le",
    "kar|rie|re|por|tal",
    "vi|gil",
    "spru|del",
    "per|fid",
    "ge|ne|ral|klau|sel",
    "kraut|gar|ten",
    "so|zi|al|päd|ago|ge",
    "struk|tur|kon|ser|va|tiv",
    "nach|äf|fen",
    "to|nal",
    "haupt|wert",
    "fis|ka|lisch",
    "schwei|ne|rei",
    "kris|tal|li|sa|ti|ons|punkt",
    "tau|nus",
    "weih|nachts|pa|pier",
    "aus|tra|gungs|ort",
    "in|fer|nal",
    "scho|gun",
    "hab|gier",
    "hoch|stamm",
    "vul|ka|nisch",
    "ma|dri|le|nin",
    "ver|kla|rung",
    "wedgwood",
    "un|ter|su|chungs|be|fund",
    "bu|chel",
    "prä|ser|va|tiv",
    "fei|er|tag",
    "schafs|kä|se",
    "dem|nächst",
    "pferd|sprung",
    "trieb|kraft",
    "vor|zie|hen",
    "au|to|ri|täts|gläu|big",
    "wa|len|see",
    "kri|mi|nal|prä|ven|ti|on",
    "reif|rock",
    "sa|git|tal|ebe|ne",
    "zu|schnei|de|ma|schi|ne",
    "ala|wi|tisch",
    "über|de|cke",
    "klein|mut",
    "san|he|drin",
    "reiß|na|gel",
    "bla|ker",
    "staats|kos|ten",
    "streik|lei|tung",
    "hand|ma|le|rei",
    "wo|dan",
    "ak|qui|si|tor",
    "skan|dal|um|wit|tert",
    "da|men|ober|be|klei|dung",
    "aus|schle|cken",
    "über|neh|me|rin",
    "emis|si|ons|han|del",
    "sele|gie|ren",
    "ak|tio|närs|ver|samm|lung",
    "amne|sisch",
    "di|nin|groom",
    "we|sens|ei|gen",
    "be|schleu|ni|gungs|sen|sor",
    "lauf|ar|beit",
    "grau|sam|keit",
    "zen|tral|fi|gur",
    "ent|schä|di|gung",
    "fir|le|fan|ze|rei",
    "al|ko|ho|li|ke|rin",
    "se|he|rin",
    "ein|lad",
    "in|no|va|ti|ons|park",
    "lasur|stein",
    "ar|kan",
    "aus|blä|ser",
    "mo|ru|la",
    "pho|to|vol|ta|ik",
    "va|ria|bel",
    "miez|chen",
    "sym|bol|träch|tig",
    "sprach|as|sis|ten|tin",
    "af|fek|ti|on",
    "or|di|nal|zahl",
    "weit|win|kel|ob|jek|tiv",
    "viel|schich|tig|keit",
    "pla|ti|no|id",
    "fe|ger",
    "to|des|stra|fe",
    "echo|kar|dio|gra|fie",
    "un|über|seh|bar",
    "ge|tö|ne",
    "über|eif|rig",
    "ve|te|ra|nin",
    "ein|häu|sig",
    "stief|bru|der",
    "pkw-|fah|rer",
    "kom|pa|ti|bel",
    "boul|d|er|hal|le",
    "zwei|sit|zig",
    "rei|se|spe|sen",
    "ara|go|ne|se",
    "ro|seau",
    "schlaf|stel|lung",
    "team|ka|pi|tä|nin",
    "que|ru|lie|ren",
    "nach|ah|mungs|tä|te|rin",
    "stei|risch",
    "ar|ran|geur",
    "fa|mi|li|en|le|ben",
    "ma|jo|ren|ni|tät",
    "tex|til|wa|ren",
    "wi|der|ruf|lich|keit",
    "er|hol|sam",
    "straf|an|dro|hung",
    "idio|ten|test",
    "aben|teu|ern",
    "kreis|in|halt",
    "bru|der",
    "flö|ten|spiel",
    "säe|rin",
    "kauf|in|ter|es|sen|tin",
    "hö|her|ent|wick|lung",
    "zeich|ner",
    "straf|rich|ter",
    "lap|pe|rei",
    "ré|uni|on",
    "ko|pu|lie|ren",
    "sa|kral",
    "spü|ren",
    "bu|ka|res|ter",
    "eu|ro|pa|cup",
    "ta|bak|wer|bung",
    "tran|che",
    "nächst|dem",
    "ra|dio|lo|gin",
    "ver|ein|sa|men",
    "par|ti|zi|pa|ti|ons|ka|pi|tal",
    "sprach|be|gabt",
    "rüt|li|schwur",
    "grä|ber|feld",
    "ro|sa|ni|lin",
    "quar|tier|s|wir|tin",
    "tran|sal|pi|nisch",
    "frei|pres|sen",
    "prü|fungs|kom|mis|si|on",
    "aus|lands|re|por|ter",
    "viel|flie|ger",
    "ei|gen|nüt|zig|keit",
    "bild|haue|rei",
    "wa|ke|board",
    "che|mie|fa|ser",
    "leb|tag",
    "da|tei|sys|tem",
    "schleich|han|del",
    "auf|merk|sam|keits|de|fi|zit-|hy|per|ak|ti|vi|täts|stö|rung",
    "hän|se|lei",
    "bi|zet",
    "rohr|le|ger",
    "so|zi|al|wis|sen|schaft|ler",
    "be|rei|ter",
    "auf|schal|tung",
    "man|hat|tan",
    "aus|schi|cken",
    "kriegs|dienst",
    "prä|sen|tie|ren",
    "hom|mage",
    "klein|flug|zeug",
    "ho|mo|ny|mie",
    "flur|um|gang",
    "re|nom|miste|rei",
    "hoch|schul|te|rig",
    "ko|axi|al|ka|bel",
    "freund|schafts|ver|trag",
    "die|len|brett",
    "wei|ter|zie|hen",
    "vor|mund",
    "zeh|ren",
    "leit|wort",
    "kräu|sel|garn",
    "he|te|ro|troph",
    "wi|der|spruchs|geist",
    "ober|hof|meis|ter",
    "re|stau|rant|ket|te",
    "auf|stiegs|am|bi|ti|on",
    "he|ge|lia|ne|rin",
    "al|ko|hol|schloss",
    "brah|ma|pu|tra|huhn",
    "er|zieh|bar",
    "ver|brau|cher|markt",
    "kau|fen",
    "re|fle|xiv|pro|no|men",
    "see|lenk|lemp|ner",
    "hof|tür",
    "tol|te|kin",
    "aben|teu|er|lust",
    "hoch|rein",
    "tier|ärzt|lich",
    "öko|no|mie|ge|bäu|de",
    "kü|ret|tie|ren",
    "ka|si|no",
    "to|pinam|bur",
    "ehes|tens",
    "la|zera|ti|on",
    "in|te|gra|ti|ons|kurs",
    "re|li|gi|ons|phi|lo|so|phie",
    "fahn|dungs|er|folg",
    "zu|satz|ver|si|che|rung",
    "ba|nat",
    "wie|der|ho|lungs|ge|fahr",
    "sie|ne|ser",
    "tau|cher|aus|rüs|tung",
    "ray|on|ne",
    "han|no|ver",
    "live|blog",
    "bei|ßel",
    "mor|pho|lo|gie",
    "geis|ter|fahrt",
    "ci|cis|beo",
    "uer|din|gen",
    "gre|mi|al|vor|ste|he|rin",
    "buch|wis|sen",
    "schul|bub",
    "sam|be|si",
    "ku|ba",
    "lieb|lich|keit",
    "gershwin",
    "hoch|ver|rä|te|rin",
    "ta|ges|lo|sung",
    "re|pro|duk|tiv",
    "bier|bauch",
    "eter|nit®",
    "ga|lee|ren|skla|ve",
    "meis|ter|ge|sang",
    "ver|meh|ren",
    "bil|bao",
    "fi|na|li|sie|ren",
    "pu|bli|c-|pri|va|te-|part|nership",
    "ar|ten|reich|tum",
    "code|num|mer",
    "se|questrie|ren",
    "nach|kom|men|schaft",
    "krä|me|rei",
    "pe|ri|dot",
    "tracking|sys|tem",
    "pfeil|gift",
    "he|xa|gon",
    "re|gie|rungs|be|am|tin",
    "cha|ma|ve",
    "ak|tiv|le|gi|ti|ma|ti|on",
    "ve|ge|ta|ti|on",
    "ho|no|rig",
    "me|ta|ball",
    "pfäd|chen",
    "be|triebs|wirt|schaf|ter",
    "mu|sik|wis|sen|schaf|ter",
    "dia|pa|son",
    "no|men|kla|to|risch",
    "pa|lä|on|to|lo|gin",
    "re|geln",
    "kon|junk|tur|pro|gramm",
    "dusch|schaum",
    "auf|ste|hen",
    "zi|tro|nen|säu|re",
    "ma|kin|g-of",
    "emp|feh|len",
    "flu|id",
    "na|sen|län|ge",
    "am|phik|tyo|nie",
    "auf|ge|weckt|heit",
    "lo|ten",
    "jahr|tau|send|wen|de",
    "prü|fungs|un|ter|la|ge",
    "en|er|gie|po|li|tik",
    "tor|pe|do|boot",
    "grob|mo|to|rik",
    "au|gen|schein|lich",
    "be|gü|ti|gung",
    "di|plo|ma|tisch",
    "cou|pon",
    "he|roa",
    "fran|ka|tur",
    "em|pört",
    "zu|las|sungs|stopp",
    "zel|lu|li|tis",
    "um|zäu|nung",
    "soft|ware-|up|date",
    "ser|ver|ba|siert",
    "nazo|rä|er",
    "li|qui|da|ti|on",
    "zer|brö|seln",
    "lo|bes|hym|ne",
    "kai|ser|pfalz",
    "kon|sum|ver|ein",
    "lö|wen|mäh|ne",
    "di|rek|ti|ons|se|kre|tä|rin",
    "ge|sta|de",
    "zeit|bud|get",
    "er|go|graf",
    "mäd|chen|haft",
    "rohr|stock",
    "eu|len|haft",
    "bu|ben|haft",
    "ma|gis|tra|tin",
    "leih|wei|se",
    "le|der|ein|band",
    "alveo|lar",
    "im|mu|ni|tät",
    "dra|ko",
    "ko|ope|rie|ren",
    "vor|bin|den",
    "bla|sen|pflas|ter",
    "ris|tor|nie|ren",
    "va|nil|le|eis",
    "lip|pe-|sei|ten|ka|nal",
    "bei|ord|nend",
    "ma|tro|sin",
    "ro|man|ciè|re",
    "thea|ter|wis|sen|schaft",
    "zeit|raf|fer",
    "ana|tomin",
    "priem|ta|bak",
    "über|lie|fe|rung",
    "dienst|wid|rig",
    "sub|urb",
    "kauf|haus|de|tek|ti|vin",
    "in|ves|ti|ti|ons|bank",
    "vol|ti|ge",
    "fo|to|gram|me|trisch",
    "free|town",
    "ge|sprächs|the|ma",
    "ge|burts|stun|de",
    "aus|stel|ler",
    "tur|nier|pferd",
    "quarz|gang",
    "steu|er|vor|rich|tung",
    "ori|gi|nal|ton",
    "im|pa|la",
    "cho|le|ra|epi|de|mie",
    "chro|no|bio|lo|ge",
    "kie|be|rer",
    "me|thyl",
    "ba|sie|ren",
    "me|ter|wei|se",
    "bos|ni|ckel",
    "bao|bab",
    "aus|le|se",
    "sen|s|o|ri|en",
    "drän|rohr",
    "dia|vor|trag",
    "bal|lon|sper|re",
    "aus|lee|ren",
    "ko|balt|ka|no|ne",
    "vor|aus|kas|se",
    "zu|fü|gen",
    "ge|mau|schel",
    "to|ten|fest",
    "agra|phie",
    "pul|so|me|ter",
    "tä|ter",
    "dia|lo|gi|sie|ren",
    "aus|schäu|men",
    "au|to|mar|der",
    "schnee|brett",
    "pen|du|le",
    "va|ter|bild",
    "ein|fa|che",
    "zäh|neln",
    "phy|sio|lo|gisch",
    "françai|se",
    "ca|yenne",
    "di|men|sio|nie|ren",
    "ein|satz|kom|man|do",
    "go|de|mi|ché",
    "ver|le|sung",
    "bas|ket|bal|ler",
    "va|ter|lands|lie|be",
    "rein|ge|schmeck|te",
    "per|si|flie|ren",
    "nach|wuchs|star",
    "aus|hilfs|kell|ner",
    "thea|ter|kri|ti|ker",
    "ur|laubs|do|mi|zil",
    "ran|gie|rer",
    "ga|li|cie|rin",
    "rek|to|rin",
    "dom|ka|pi|tel",
    "ku|chen|ga|bel",
    "mi|li|tär|bünd|nis",
    "ge|sprächs|be|darf",
    "kli|ma|wan|del|leug|ner",
    "ro|del|bahn",
    "vo|gel|flug",
    "süd|er|oog",
    "se|rie|feu|er",
    "get|toi|sie|ren",
    "ober|inspek|tor",
    "kom|pos|tier|bar",
    "über|fra|gen",
    "zeu|gen|schaft",
    "haus|be|such",
    "cho|ral|vor|spiel",
    "vor|komm|nis",
    "tech|ni|sie|rung",
    "alu|mi|nit",
    "kra|kee|len",
    "gra|vi|tät",
    "nach|wuchs|spie|le|rin",
    "pe|ri|phra|se",
    "os|mo|lo|gie",
    "cas|ting|show",
    "li|gu|ri|en",
    "aus|lucht",
    "zeit|ar|bei|ter",
    "ra|dar",
    "be|rei|te|rin",
    "krä|gel|chen",
    "al|le|dem",
    "in|ver|ta|se",
    "aus|hang",
    "eu|me|ni|de",
    "pe|gi|da",
    "le|vi|ti|kus",
    "ver|trau|ens|vo|tum",
    "er|lei|den",
    "ak|ti|visch",
    "auf|don|nern",
    "guil|lo|cheu|rin",
    "haus|be|sit|ze|rin",
    "et|amin",
    "frois|sé",
    "tad|ler",
    "can|can",
    "teig|rest",
    "ta|len|tiert",
    "er|wähl|te",
    "zy|pri|an",
    "ähn|lich|se|hen",
    "sys|tem|ver|än|de|rer",
    "heil|kräf|tig",
    "her|aus|he|ben",
    "to|ten|acker",
    "bar|ba|rei",
    "schuh|ban|del",
    "web|feh|ler",
    "ma|sel",
    "ba|des|horts",
    "se|gel|törn",
    "wa|li|se|rin",
    "fahr|bahn|erneue|rung",
    "hei|ter|keits|er|folg",
    "co|la",
    "see|len|ver|wandt",
    "ko|itus",
    "be|schie|ßen",
    "mi|di|job|be|rin",
    "ge|ru|hig",
    "zu|ge|hö|rig",
    "tri|an|gu|la|ti|ons|punkt",
    "fe|der|hal|ter",
    "re|gio|na|li|sie|rung",
    "bü|ro|krat",
    "rad|strei|fe",
    "cy|ber|wäh|rung",
    "doof|heit",
    "splei|ßen",
    "föh|ren",
    "glau|bens|ei|fer",
    "gra|ven|ha|ge",
    "täg|lich",
    "prä|ge|pha|se",
    "an|ti|au|to|ri|tär",
    "sa|tel|li|ten|staat",
    "höh|len",
    "tod|trau|rig",
    "dreh|lei|er",
    "be|rufs|rich|te|rin",
    "grad|netz",
    "che|mie|kon|zern",
    "be|hör|den|ap|pa|rat",
    "he|xaeme|ron",
    "re|pro",
    "erz|berg|bau",
    "ver|brau|cher|mi|nis|te|ri|um",
    "do|ber|mann",
    "so|li|da|ri|tät",
    "pro|gnos|ti|zie|rung",
    "prime",
    "in|sti|tuts|bi|blio|thek",
    "tel|lu|ri|um",
    "rev|ak|zi|nie|ren",
    "kri|mi|nal|psy|cho|lo|gie",
    "schweiß|nass",
    "zu|stands|än|de|rung",
    "aus|hol|zen",
    "re|de",
    "blu|men|gruß",
    "sans|krit|for|scher",
    "nach|züg|le|risch",
    "peep|show",
    "fra|gil",
    "ver|hee|rend",
    "hi|ob",
    "ga|la|vor|stel|lung",
    "ban|de|ro|len|steu|er",
    "me|ri|no",
    "ofen|bau|er",
    "hin|aus|stel|len",
    "re|gie|rungs|sei|tig",
    "mor|mo|ne",
    "as|sy|ri|en",
    "schnä|beln",
    "ga|la|emp|fang",
    "york|shire",
    "eil|ver|fah|ren",
    "ero|ti|sie|ren",
    "se|da|tiv",
    "pro|fit|ma|xi|mie|rung",
    "blick|kon|takt",
    "kie|fer|kno|chen",
    "speer|wurf",
    "ur|sen|dung",
    "ri|che|lieu",
    "auf|ent|halts|raum",
    "in|dem|ni|tät",
    "zug|ver|kehr",
    "rein|hard",
    "büb|chen",
    "staub|zu|cker",
    "quiet|schen",
    "mo|no|die",
    "ke|ra|ti|tis",
    "rei|ni|ge|rin",
    "tan|gie|ren",
    "se|al|man|tel",
    "piz|zi|ca|to",
    "na|tio|nal|rats|prä|si|den|tin",
    "rei|se|bus",
    "in|te|gra|ti|ons|hel|fer",
    "spie|gel",
    "be|rufs|stän|disch",
    "eh|ren|fried",
    "treib|eis",
    "kon|sum|kli|ma",
    "app|let",
    "ein|mi|schung",
    "en|do|pro|the|tisch",
    "mai|kö|ni|gin",
    "ver|kaufs|aus|stel|lung",
    "see|wärts",
    "zäh|ler",
    "re|vier",
    "par|al|lel|fall",
    "ge|bäu|de|teil",
    "ra|ten|spar|ver|trag",
    "ge|bär|mut|ter",
    "re|insze|nie|ren",
    "wie|der|eröff|nung",
    "ent|ge|gen|fie|bern",
    "al|l|lie|bend",
    "klein|kli|ma",
    "nach|dich|ten",
    "pun|che|rin",
    "to|ni|ka",
    "nid|wald|ne|rin",
    "ma|kro...",
    "jagd|bar|keit",
    "sta|pel|lauf",
    "über|ord|nung",
    "ge|wohn|heits|trin|ker",
    "not|geld",
    "in|te|gral|glei|chung",
    "ro|nald",
    "be|le|gen",
    "go|lat|sche",
    "ve|da",
    "kom|pli|ziert",
    "wäh|len",
    "ki|no|be|su|che|rin",
    "drei|ge|schos|sig",
    "ge|mein|de|gut",
    "ra|ke|ten|ba|sis",
    "ta|ti|an",
    "qua|ken",
    "auf|sichts|be|hör|de",
    "le|bens|mit|tel|far|be",
    "anathe|ma|ti|sie|ren",
    "ober|bett",
    "fle|der|wisch",
    "see|grund",
    "nah|ver|sor|gung",
    "min|chen",
    "eh|ren|mann",
    "bau|ge|sell|schaft",
    "aus|til|gen",
    "ju|bel|jahr",
    "stau|dig",
    "si|gna|ta|rin",
    "strip|tease|lo|kal",
    "um|her|ge|hen",
    "zu|ver|sicht|lich",
    "traum|no|te",
    "mo|ren",
    "lo|ka|ti|on",
    "sie|ben|kampf",
    "ver|ein|sa|mung",
    "ver|kehrs|re|ge|lung",
    "bei|trags|ser|vice",
    "blut|bad",
    "grün|zo|ne",
    "woh|nungsu|chend",
    "li|ba|ne|se",
    "iko|no|lo|gie",
    "kon|trol|lier|bar|keit",
    "stal|ker",
    "por|ta|tiv",
    "zar|zue|la",
    "schul|be|ginn",
    "in|qui|si|to|rin",
    "wei|zen|keim",
    "ein|kaufs|netz",
    "re|gie|as|sis|ten|tin",
    "ein|sar|gen",
    "ri|bo|nu|kle|in|säu|re",
    "fon|ta|ne",
    "ge|bet|buch",
    "tot|krie|gen",
    "na|deln",
    "reis|brannt|wein",
    "kum|pa|nei",
    "atreus",
    "kamt|scha|da|le",
    "mos|li|me",
    "tremu|lie|ren",
    "tra|gö|din",
    "aus|klü|geln",
    "prok|to|sta|se",
    "su|san",
    "schwer|hö|rig|keit",
    "ver|schie|den|ar|tig",
    "kom|pres|si|on",
    "dienst|schluss",
    "zahn|be|hand|lung",
    "nie|ten|ho|se",
    "ma|qui|sard",
    "bur|schi|kos",
    "schnür|sen|kel",
    "smart|pho|ne-|sucht",
    "mi|ne|ral|stoff",
    "na|del|ge|hölz",
    "psych|ago|ge",
    "beid|hän|der",
    "ver|pfei|fen",
    "kon|su|lats|ge|bäu|de",
    "stieg|litz",
    "ba|by|boo|me|rin",
    "über|ei|lung",
    "kar|rie|re|lei|ter",
    "brief|ta|sche",
    "ex|spi|ra|ti|on",
    "frei|schwim|men",
    "zu|we|nig",
    "sam|bu|ca",
    "ge|gen|kul|tur",
    "kar|tei",
    "za|rin",
    "sklero|tisch",
    "ni|tro|lack",
    "so|zi|al|woh|nung",
    "kon|fek|tio|när",
    "be|kehr|te",
    "er|säu|fen",
    "seh|nen|re|flex",
    "bi|po|la|ri|tät",
    "pi|kiert",
    "re|gio|nal|ex|pres|s®",
    "krö|nungs|man|tel",
    "frau|en|feind|lich",
    "süh|nung",
    "lie|gegeld",
    "ehe|bre|che|risch",
    "kai|ser|ge|bir|ge",
    "oze|anaut",
    "zahl|bar|keit",
    "tä|fe|lung",
    "pa|py|russtau|de",
    "schwän|chen",
    "ma|lay|sie|rin",
    "po-e|be|ne",
    "schmäh|ge|dicht",
    "li|ni|en|blatt",
    "al|ko|hol|kon|sum",
    "kom|mis|si|ons|mit|glied",
    "kom|mu|ni|ka|ti|on",
    "fries|län|disch",
    "fa|mi|li|en|fest",
    "frei|mau|re|rin",
    "tau|to|lo|gisch",
    "bio|ethi|ker",
    "kosmo|go|nisch",
    "krü|sel|wind",
    "bü|cher|re|vi|sor",
    "schei|ben|han|tel",
    "effemi|niert",
    "ui|gu|re",
    "ma|ke|do|ni|en",
    "cas|te|rin",
    "chor|ge|stühl",
    "aus|tausch|dienst",
    "be|rüh|rungs|angst",
    "zwei|tei|lig",
    "pres|su|re-group",
    "zen|tral|ge|walt",
    "teil|ge|biet",
    "au|to|mo|bil",
    "ton|ge|fäß",
    "mar|ga|re|ta",
    "dienst|an|tritt",
    "pu|ri|ta|ne|rin",
    "zah|len|mys|tik",
    "ta|fel|waa|ge",
    "eri|wan",
    "yo-yo-|ef|fekt",
    "her|aus|kom|men",
    "rad|ma|che|rin",
    "ma|schi|nen|satz",
    "ago|nal",
    "heil|kun|di|ge",
    "tar|qui|nie|rin",
    "as|ser|vat",
    "kauf|stark",
    "reh|rü|cken",
    "leicht|fuß",
    "kas|ta|ni|en|holz",
    "ei|land",
    "grau|en|haft",
    "fra|tres",
    "höh|len|mensch",
    "edel|mar|der",
    "zu|satz|aus|bil|dung",
    "zu|satz|ge|winn",
    "jazz|mu|si|ker",
    "steg|reif|dich|ter",
    "wohl|ge|mut",
    "nach|hin|ken",
    "amou|ren",
    "gra|fik|kar|te",
    "se|ro|to|nin",
    "aus|brei|tung",
    "wie|der|her|stel|lungs|kos|ten",
    "plie|ren",
    "ka|the|der|blü|te",
    "raum|wahr|neh|mung",
    "zen|ti...",
    "ob|wohl",
    "ein|heit|lich",
    "flei|schig",
    "stroh|scho|ber",
    "te|le|fo|ni|tis",
    "ein|blen|den",
    "straf|voll|zug",
    "so|lu|ti|on",
    "koh|len|gru|be",
    "eu|ro|pa|recht",
    "mau|rer|ar|beit",
    "ein|seh|bar",
    "ge|gen|druck",
    "kul|tur|ein|rich|tung",
    "ve|te|ri|när",
    "la|bor|test",
    "zi|se|lie|ren",
    "neun|ma|lig",
    "na|tur|er|leb|nis",
    "bauch|spei|chel|drü|se",
    "meis|ter|schü|le|rin",
    "schwa|ben|al|ter",
    "su|es",
    "hee|res|flie|ge|rin",
    "knau|tie",
    "früh|stücks|bü|fett",
    "im|per|mea|bi|li|tät",
    "frei|an|la|ge",
    "ge|flü|gel|pest",
    "stein|koh|len|for|ma|ti|on",
    "aus|bes|sern",
    "bor|re|lio|se",
    "öl|lei|tung",
    "ur|ein|woh|ner",
    "la|ke",
    "laub|werk",
    "kul|tur|in|dus|trie",
    "de|fi|zi|tär",
    "reich|säb|tis|sin",
    "hö|her|ge|stellt",
    "ge|gen|schlag",
    "ver|lo|bungs|zeit",
    "lieb|ha|ber",
    "hin|über|...",
    "au|to|ly|se",
    "be|reit|ste|hen",
    "wohn|ge|bäu|de",
    "kos|mo|po|li|tisch",
    "fleisch|vo|gel",
    "in|no|va|tiv",
    "lar|val",
    "cow|boy|stie|fel",
    "re|fle|xiv",
    "wohn|recht",
    "ne|gli|gie|ren",
    "kauf|kräf|tig",
    "ka|ra|mel|li|sie|ren",
    "phä|dra",
    "dri|ve-in-|re|stau|rant",
    "stil|si|cher",
    "aba|ton",
    "da|ten|satz",
    "aus|wen|dig|ler|nen",
    "pa|läo|kli|ma|to|lo|gie",
    "ba|by|fon®",
    "nach|kon|trol|lie|ren",
    "kehr|ord|nung",
    "hei|del|ber|ger",
    "je|der|mann",
    "flie|hend",
    "rad|fah|re|rin",
    "aus|gra|bungs|stät|te",
    "ru|no|lo|gin",
    "ve|ne|zo|la|ne|rin",
    "per|ko|la|ti|on",
    "spu|ren|si|che|rung",
    "ti|ber",
    "spreit|la|ge",
    "spie|ge|lig",
    "rei|be|rei",
    "re|de|wen|dung",
    "flu|se",
    "en|er|gie|ef|fi|zi|enz|ge|setz",
    "neu|bau|woh|nung",
    "par|al|lel|welt",
    "aus|wei|sen",
    "glaub|haf|tig|keit",
    "hohl|maß",
    "aus|ter",
    "bes|erl|park",
    "mi|li|tär|flug|ha|fen",
    "ver|brau|cher|mi|nis|te|rin",
    "bau|kos|ten",
    "for|ma|li|sie|ren",
    "fa|ding",
    "zu|stell|bett",
    "sprach|for|scher",
    "ro|man|schrift|stel|le|rin",
    "da|seins|freu|de",
    "be|leibt",
    "züg|lung",
    "an|go|la|ne|rin",
    "stei|nig",
    "kri|sen|stab",
    "au|gen|op|ti|ker",
    "auf|lis|ten",
    "se|ri|fen|los",
    "habs|bur|gisch",
    "ver|lei|he|rin",
    "sub|prime",
    "pa|li|sa|den|pfahl",
    "di|gi|tal|ra|dio",
    "rö|tung",
    "re|nais|sance|stil",
    "phy|sio|gnom",
    "sa|nie|rungs|bi|lanz",
    "blü|se",
    "pri|vat|an|le|ger",
    "na|zi|herr|schaft",
    "che|mo|the|ra|peu|ti|kum",
    "tot|la|chen",
    "stau|raum",
    "tie|fen|rausch",
    "so|zi|al|leis|tung",
    "vor|führ|ef|fekt",
    "gleich|tun",
    "stei|glei|ter",
    "schnei|del|holz",
    "lie|be|die|ne|risch",
    "trou|ble|shoo|ter",
    "haut|creme",
    "ka|ta|stro|phe",
    "leer|stand",
    "ver|bar|ri|ka|die|ren",
    "grob|mo|to|risch",
    "un|ter|schei|den",
    "aus|fei|len",
    "trans|kon|ti|nen|tal",
    "schlag|ab|tausch",
    "weit|her|zig",
    "flie|gen|ge|wicht|le|rin",
    "po|li|tik|wis|sen|schaft|lich",
    "ma|se|rig",
    "dis|tri|bu|ie|ren",
    "steh|bier|hal|le",
    "re|al|ge|schich|te",
    "pri|vat|bank",
    "al|ko|ven",
    "kre|dit|po|li|tik",
    "ke|nia|ner",
    "ein|sä|en",
    "klein|an|le|ge|rin",
    "man|ga|nit",
    "auf|zäh|len",
    "trau|er|man|tel",
    "kam|bo|dscha|ne|rin",
    "über|grif|fig|keit",
    "buch|wei|zen|mehl",
    "her|aus|lö|sen",
    "erst|klass|ho|tel",
    "kol|la|bie|ren",
    "fuß|lang",
    "ide|al|maß",
    "leih|ver|kehr",
    "gleich|nis|haft",
    "freis|temp|ler",
    "aus|schlag",
    "mahl|gang",
    "erd|kund|lich",
    "bus|so|le",
    "si|gna|tar|staat",
    "plan|schul|den",
    "frei|neh|men",
    "wi|der|kla|ge",
    "fi|del",
    "bei|ßer",
    "sieg|tref|fer",
    "grau|zo|ne",
    "pe|trolfar|ben",
    "ver|tei|di|gungs|aus|ga|ben",
    "ror|schach|test",
    "vo|lant",
    "ge|gen|stra|te|gie",
  ],
}
`;
